  Welcome to Space Defender Version 1.
->pass
  state:0.1, error
  Not in game.
->abort
  state:0.2, error
  Not in game.
->undo
  state:0.3, error
  Not in game.
->pass
  state:0.4, error
  Not in game.
->abort
  state:0.5, error
  Not in game.
->undo
  state:0.6, error
  Not in game.
->pass
  state:0.7, error
  Not in game.
->redo
  state:0.8, error
  Not in game.
->fire
  state:0.9, error
  Not in game.
->pass
  state:0.10, error
  Not in game.
->abort
  state:0.11, error
  Not in game.
->redo
  state:0.12, error
  Not in game.
->fire
  state:0.13, error
  Not in game.
->undo
  state:0.14, error
  Not in game.
->abort
  state:0.15, error
  Not in game.
->redo
  state:0.16, error
  Not in game.
->pass
  state:0.17, error
  Not in game.
->fire
  state:0.18, error
  Not in game.
->abort
  state:0.19, error
  Not in game.
->pass
  state:0.20, error
  Not in game.
->undo
  state:0.21, error
  Not in game.
->play(5,11,8,3)
  state:1.0, ok
      1  2  3  4  5  6  7  8  9 10 11
    A _  _  _  _  _  _  _  _  _  _  _
    B _  _  _  _  _  _  _  _  _  _  _
    C S  _  _  _  _  _  _  _  _  _  _
    D _  _  _  _  _  _  _  _  _  _  _
    E _  _  _  _  _  _  _  _  _  _  _
->abort
  state:2.0, ok
  Game has been exited.
->pass
  state:2.1, error
  Not in game.
->redo
  state:2.2, error
  Not in game.
->abort
  state:2.3, error
  Not in game.
->undo
  state:2.4, error
  Not in game.
->pass
  state:2.5, error
  Not in game.
->abort
  state:2.6, error
  Not in game.
->pass
  state:2.7, error
  Not in game.
->play(5,11,8,3)
  state:3.0, ok
      1  2  3  4  5  6  7  8  9 10 11
    A _  _  _  _  _  _  _  _  _  _  _
    B _  _  _  _  _  _  _  _  _  _  _
    C S  _  _  _  _  _  _  _  _  _  _
    D _  _  _  _  _  _  _  _  _  _  _
    E _  _  _  _  _  _  _  _  _  _  _
->pass
  state:4.0, ok
  The Starfighter stays at: [C,1]
      1  2  3  4  5  6  7  8  9 10 11
    A _  _  _  _  _  _  _  _  _  _  _
    B _  _  _  _  _  _  _  _  _  _  _
    C S  _  _  _  _  _  _  _  _  _  _
    D _  _  _  _  _  _  _  _  _  _  _
    E _  _  _  _  _  _  _  _  _  _  _
->pass
  state:5.0, ok
  The Starfighter stays at: [C,1]
      1  2  3  4  5  6  7  8  9 10 11
    A _  _  _  _  _  _  _  _  _  _  _
    B _  _  _  _  _  _  _  _  _  _  _
    C S  _  _  _  _  _  _  _  _  _  _
    D _  _  _  _  _  _  _  _  _  _  _
    E _  _  _  _  _  _  _  _  _  _  _
->fire
  state:6.0, ok
  The Starfighter fires a projectile at: [C,1]
      1  2  3  4  5  6  7  8  9 10 11
    A _  _  _  _  _  _  _  _  _  _  _
    B _  _  _  _  _  _  _  _  _  _  _
    C S  *  _  _  _  _  _  _  _  _  _
    D _  _  _  _  _  _  _  _  _  _  _
    E _  _  _  _  _  _  _  _  _  _  _
->fire
  state:7.0, ok
  A projectile moves: [C,2] -> [C,5]
  The Starfighter fires a projectile at: [C,1]
      1  2  3  4  5  6  7  8  9 10 11
    A _  _  _  _  _  _  _  _  _  _  _
    B _  _  _  _  _  _  _  _  _  _  _
    C S  *  _  _  *  _  _  _  _  _  _
    D _  _  _  _  _  _  _  _  _  _  _
    E _  _  _  _  _  _  _  _  _  _  _
->pass
  state:8.0, ok
  A projectile moves: [C,5] -> [C,8]
  A projectile moves: [C,2] -> [C,5]
  The Starfighter stays at: [C,1]
      1  2  3  4  5  6  7  8  9 10 11
    A _  _  _  _  _  _  _  _  _  _  _
    B _  _  _  _  _  _  _  _  _  _  _
    C S  _  _  _  *  _  _  *  _  _  _
    D _  _  _  _  _  _  _  _  _  _  _
    E _  _  _  _  _  _  _  _  _  _  _
->pass
  state:9.0, ok
  A projectile moves: [C,8] -> [C,11]
  A projectile moves: [C,5] -> [C,8]
  The Starfighter stays at: [C,1]
      1  2  3  4  5  6  7  8  9 10 11
    A _  _  _  _  _  _  _  _  _  _  _
    B _  _  _  _  _  _  _  _  _  _  _
    C S  _  _  _  _  _  _  *  _  _  *
    D _  _  _  _  _  _  _  _  _  _  _
    E _  _  _  _  _  _  _  _  _  _  _
->pass
  state:10.0, ok
  A projectile moves: [C,11] -> out of the board
  A projectile moves: [C,8] -> [C,11]
  The Starfighter stays at: [C,1]
      1  2  3  4  5  6  7  8  9 10 11
    A _  _  _  _  _  _  _  _  _  _  _
    B _  _  _  _  _  _  _  _  _  _  _
    C S  _  _  _  _  _  _  _  _  _  *
    D _  _  _  _  _  _  _  _  _  _  _
    E _  _  _  _  _  _  _  _  _  _  _
->pass
  state:11.0, ok
  A projectile moves: [C,11] -> out of the board
  The Starfighter stays at: [C,1]
      1  2  3  4  5  6  7  8  9 10 11
    A _  _  _  _  _  _  _  _  _  _  _
    B _  _  _  _  _  _  _  _  _  _  _
    C S  _  _  _  _  _  _  _  _  _  _
    D _  _  _  _  _  _  _  _  _  _  _
    E _  _  _  _  _  _  _  _  _  _  _
->pass
  state:12.0, ok
  The Starfighter stays at: [C,1]
      1  2  3  4  5  6  7  8  9 10 11
    A _  _  _  _  _  _  _  _  _  _  _
    B _  _  _  _  _  _  _  _  _  _  _
    C S  _  _  _  _  _  _  _  _  _  _
    D _  _  _  _  _  _  _  _  _  _  _
    E _  _  _  _  _  _  _  _  _  _  _
->pass
  state:13.0, ok
  The Starfighter stays at: [C,1]
      1  2  3  4  5  6  7  8  9 10 11
    A _  _  _  _  _  _  _  _  _  _  _
    B _  _  _  _  _  _  _  _  _  _  _
    C S  _  _  _  _  _  _  _  _  _  _
    D _  _  _  _  _  _  _  _  _  _  _
    E _  _  _  _  _  _  _  _  _  _  _
->pass
  state:14.0, ok
  The Starfighter stays at: [C,1]
      1  2  3  4  5  6  7  8  9 10 11
    A _  _  _  _  _  _  _  _  _  _  _
    B _  _  _  _  _  _  _  _  _  _  _
    C S  _  _  _  _  _  _  _  _  _  _
    D _  _  _  _  _  _  _  _  _  _  _
    E _  _  _  _  _  _  _  _  _  _  _
->pass
  state:15.0, ok
  The Starfighter stays at: [C,1]
      1  2  3  4  5  6  7  8  9 10 11
    A _  _  _  _  _  _  _  _  _  _  _
    B _  _  _  _  _  _  _  _  _  _  _
    C S  _  _  _  _  _  _  _  _  _  _
    D _  _  _  _  _  _  _  _  _  _  _
    E _  _  _  _  _  _  _  _  _  _  _
->pass
  state:16.0, ok
  The Starfighter stays at: [C,1]
      1  2  3  4  5  6  7  8  9 10 11
    A _  _  _  _  _  _  _  _  _  _  _
    B _  _  _  _  _  _  _  _  _  _  _
    C S  _  _  _  _  _  _  _  _  _  _
    D _  _  _  _  _  _  _  _  _  _  _
    E _  _  _  _  _  _  _  _  _  _  _
->pass
  state:17.0, ok
  The Starfighter stays at: [C,1]
      1  2  3  4  5  6  7  8  9 10 11
    A _  _  _  _  _  _  _  _  _  _  _
    B _  _  _  _  _  _  _  _  _  _  _
    C S  _  _  _  _  _  _  _  _  _  _
    D _  _  _  _  _  _  _  _  _  _  _
    E _  _  _  _  _  _  _  _  _  _  _
->pass
  state:18.0, ok
  The Starfighter stays at: [C,1]
      1  2  3  4  5  6  7  8  9 10 11
    A _  _  _  _  _  _  _  _  _  _  _
    B _  _  _  _  _  _  _  _  _  _  _
    C S  _  _  _  _  _  _  _  _  _  _
    D _  _  _  _  _  _  _  _  _  _  _
    E _  _  _  _  _  _  _  _  _  _  _
->undo
  state:17.0, ok
  The Starfighter stays at: [C,1]
      1  2  3  4  5  6  7  8  9 10 11
    A _  _  _  _  _  _  _  _  _  _  _
    B _  _  _  _  _  _  _  _  _  _  _
    C S  _  _  _  _  _  _  _  _  _  _
    D _  _  _  _  _  _  _  _  _  _  _
    E _  _  _  _  _  _  _  _  _  _  _
->undo
  state:16.0, ok
  The Starfighter stays at: [C,1]
      1  2  3  4  5  6  7  8  9 10 11
    A _  _  _  _  _  _  _  _  _  _  _
    B _  _  _  _  _  _  _  _  _  _  _
    C S  _  _  _  _  _  _  _  _  _  _
    D _  _  _  _  _  _  _  _  _  _  _
    E _  _  _  _  _  _  _  _  _  _  _
->pass
  state:17.0, ok
  The Starfighter stays at: [C,1]
      1  2  3  4  5  6  7  8  9 10 11
    A _  _  _  _  _  _  _  _  _  _  _
    B _  _  _  _  _  _  _  _  _  _  _
    C S  _  _  _  _  _  _  _  _  _  _
    D _  _  _  _  _  _  _  _  _  _  _
    E _  _  _  _  _  _  _  _  _  _  _
->undo
  state:16.0, ok
  The Starfighter stays at: [C,1]
      1  2  3  4  5  6  7  8  9 10 11
    A _  _  _  _  _  _  _  _  _  _  _
    B _  _  _  _  _  _  _  _  _  _  _
    C S  _  _  _  _  _  _  _  _  _  _
    D _  _  _  _  _  _  _  _  _  _  _
    E _  _  _  _  _  _  _  _  _  _  _
->undo
  state:15.0, ok
  The Starfighter stays at: [C,1]
      1  2  3  4  5  6  7  8  9 10 11
    A _  _  _  _  _  _  _  _  _  _  _
    B _  _  _  _  _  _  _  _  _  _  _
    C S  _  _  _  _  _  _  _  _  _  _
    D _  _  _  _  _  _  _  _  _  _  _
    E _  _  _  _  _  _  _  _  _  _  _
->undo
  state:14.0, ok
  The Starfighter stays at: [C,1]
      1  2  3  4  5  6  7  8  9 10 11
    A _  _  _  _  _  _  _  _  _  _  _
    B _  _  _  _  _  _  _  _  _  _  _
    C S  _  _  _  _  _  _  _  _  _  _
    D _  _  _  _  _  _  _  _  _  _  _
    E _  _  _  _  _  _  _  _  _  _  _
->pass
  state:15.0, ok
  The Starfighter stays at: [C,1]
      1  2  3  4  5  6  7  8  9 10 11
    A _  _  _  _  _  _  _  _  _  _  _
    B _  _  _  _  _  _  _  _  _  _  _
    C S  _  _  _  _  _  _  _  _  _  _
    D _  _  _  _  _  _  _  _  _  _  _
    E _  _  _  _  _  _  _  _  _  _  _
->undo
  state:14.0, ok
  The Starfighter stays at: [C,1]
      1  2  3  4  5  6  7  8  9 10 11
    A _  _  _  _  _  _  _  _  _  _  _
    B _  _  _  _  _  _  _  _  _  _  _
    C S  _  _  _  _  _  _  _  _  _  _
    D _  _  _  _  _  _  _  _  _  _  _
    E _  _  _  _  _  _  _  _  _  _  _
->pass
  state:15.0, ok
  The Starfighter stays at: [C,1]
      1  2  3  4  5  6  7  8  9 10 11
    A _  _  _  _  _  _  _  _  _  _  _
    B _  _  _  _  _  _  _  _  _  _  _
    C S  _  _  _  _  _  _  _  _  _  _
    D _  _  _  _  _  _  _  _  _  _  _
    E _  _  _  _  _  _  _  _  _  _  _
->pass
  state:16.0, ok
  The Starfighter stays at: [C,1]
      1  2  3  4  5  6  7  8  9 10 11
    A _  _  _  _  _  _  _  _  _  _  _
    B _  _  _  _  _  _  _  _  _  _  _
    C S  _  _  _  _  _  _  _  _  _  _
    D _  _  _  _  _  _  _  _  _  _  _
    E _  _  _  _  _  _  _  _  _  _  _
->undo
  state:15.0, ok
  The Starfighter stays at: [C,1]
      1  2  3  4  5  6  7  8  9 10 11
    A _  _  _  _  _  _  _  _  _  _  _
    B _  _  _  _  _  _  _  _  _  _  _
    C S  _  _  _  _  _  _  _  _  _  _
    D _  _  _  _  _  _  _  _  _  _  _
    E _  _  _  _  _  _  _  _  _  _  _
->pass
  state:16.0, ok
  The Starfighter stays at: [C,1]
      1  2  3  4  5  6  7  8  9 10 11
    A _  _  _  _  _  _  _  _  _  _  _
    B _  _  _  _  _  _  _  _  _  _  _
    C S  _  _  _  _  _  _  _  _  _  _
    D _  _  _  _  _  _  _  _  _  _  _
    E _  _  _  _  _  _  _  _  _  _  _
->undo
  state:15.0, ok
  The Starfighter stays at: [C,1]
      1  2  3  4  5  6  7  8  9 10 11
    A _  _  _  _  _  _  _  _  _  _  _
    B _  _  _  _  _  _  _  _  _  _  _
    C S  _  _  _  _  _  _  _  _  _  _
    D _  _  _  _  _  _  _  _  _  _  _
    E _  _  _  _  _  _  _  _  _  _  _
->undo
  state:14.0, ok
  The Starfighter stays at: [C,1]
      1  2  3  4  5  6  7  8  9 10 11
    A _  _  _  _  _  _  _  _  _  _  _
    B _  _  _  _  _  _  _  _  _  _  _
    C S  _  _  _  _  _  _  _  _  _  _
    D _  _  _  _  _  _  _  _  _  _  _
    E _  _  _  _  _  _  _  _  _  _  _
->redo
  state:15.0, ok
  The Starfighter stays at: [C,1]
      1  2  3  4  5  6  7  8  9 10 11
    A _  _  _  _  _  _  _  _  _  _  _
    B _  _  _  _  _  _  _  _  _  _  _
    C S  _  _  _  _  _  _  _  _  _  _
    D _  _  _  _  _  _  _  _  _  _  _
    E _  _  _  _  _  _  _  _  _  _  _
->pass
  state:16.0, ok
  The Starfighter stays at: [C,1]
      1  2  3  4  5  6  7  8  9 10 11
    A _  _  _  _  _  _  _  _  _  _  _
    B _  _  _  _  _  _  _  _  _  _  _
    C S  _  _  _  _  _  _  _  _  _  _
    D _  _  _  _  _  _  _  _  _  _  _
    E _  _  _  _  _  _  _  _  _  _  _
->pass
  state:17.0, ok
  The Starfighter stays at: [C,1]
      1  2  3  4  5  6  7  8  9 10 11
    A _  _  _  _  _  _  _  _  _  _  _
    B _  _  _  _  _  _  _  _  _  _  _
    C S  _  _  _  _  _  _  _  _  _  _
    D _  _  _  _  _  _  _  _  _  _  _
    E _  _  _  _  _  _  _  _  _  _  _
->redo
  state:17.1, error
  Nothing left to redo.
->pass
  state:18.0, ok
  The Starfighter stays at: [C,1]
      1  2  3  4  5  6  7  8  9 10 11
    A _  _  _  _  _  _  _  _  _  _  _
    B _  _  _  _  _  _  _  _  _  _  _
    C S  _  _  _  _  _  _  _  _  _  _
    D _  _  _  _  _  _  _  _  _  _  _
    E _  _  _  _  _  _  _  _  _  _  _
->pass
  state:19.0, ok
  The Starfighter stays at: [C,1]
      1  2  3  4  5  6  7  8  9 10 11
    A _  _  _  _  _  _  _  _  _  _  _
    B _  _  _  _  _  _  _  _  _  _  _
    C S  _  _  _  _  _  _  _  _  _  _
    D _  _  _  _  _  _  _  _  _  _  _
    E _  _  _  _  _  _  _  _  _  _  _
->fire
  state:20.0, ok
  The Starfighter fires a projectile at: [C,1]
      1  2  3  4  5  6  7  8  9 10 11
    A _  _  _  _  _  _  _  _  _  _  _
    B _  _  _  _  _  _  _  _  _  _  _
    C S  *  _  _  _  _  _  _  _  _  _
    D _  _  _  _  _  _  _  _  _  _  _
    E _  _  _  _  _  _  _  _  _  _  _
->pass
  state:21.0, ok
  A projectile moves: [C,2] -> [C,5]
  The Starfighter stays at: [C,1]
      1  2  3  4  5  6  7  8  9 10 11
    A _  _  _  _  _  _  _  _  _  _  _
    B _  _  _  _  _  _  _  _  _  _  _
    C S  _  _  _  *  _  _  _  _  _  _
    D _  _  _  _  _  _  _  _  _  _  _
    E _  _  _  _  _  _  _  _  _  _  _
->pass
  state:22.0, ok
  A projectile moves: [C,5] -> [C,8]
  The Starfighter stays at: [C,1]
      1  2  3  4  5  6  7  8  9 10 11
    A _  _  _  _  _  _  _  _  _  _  _
    B _  _  _  _  _  _  _  _  _  _  _
    C S  _  _  _  _  _  _  *  _  _  _
    D _  _  _  _  _  _  _  _  _  _  _
    E _  _  _  _  _  _  _  _  _  _  _
