  Welcome to Space Defender Version 1.
->undo
  state:0.1, error
  Not in game.
->undo
  state:0.2, error
  Not in game.
->redo
  state:0.3, error
  Not in game.
->play(5,11,25,5)
  state:0.4, error
  Starfighter movement should not exceed row - 1 + column - 1 size of the board.
->redo
  state:0.5, error
  Not in game.
->undo
  state:0.6, error
  Not in game.
->play(5,11,8,3)
  state:1.0, ok
      1  2  3  4  5  6  7  8  9 10 11
    A _  _  _  _  _  _  _  _  _  _  _
    B _  _  _  _  _  _  _  _  _  _  _
    C S  _  _  _  _  _  _  _  _  _  _
    D _  _  _  _  _  _  _  _  _  _  _
    E _  _  _  _  _  _  _  _  _  _  _
->undo
  state:1.1, error
  Nothing left to undo.
->redo
  state:1.2, error
  Nothing left to redo.
->redo
  state:1.3, error
  Nothing left to redo.
->undo
  state:1.4, error
  Nothing left to undo.
->undo
  state:1.5, error
  Nothing left to undo.
->play(5,11,8,3)
  state:1.6, error
  Please end the current game before starting a new one.
->redo
  state:1.7, error
  Nothing left to redo.
->play(5,11,8,3)
  state:1.8, error
  Please end the current game before starting a new one.
->redo
  state:1.9, error
  Nothing left to redo.
->play(5,11,8,3)
  state:1.10, error
  Please end the current game before starting a new one.
->play(5,11,8,3)
  state:1.11, error
  Please end the current game before starting a new one.
->redo
  state:1.12, error
  Nothing left to redo.
->play(5,11,8,3)
  state:1.13, error
  Please end the current game before starting a new one.
->play(5,11,8,3)
  state:1.14, error
  Please end the current game before starting a new one.
->redo
  state:1.15, error
  Nothing left to redo.
->redo
  state:1.16, error
  Nothing left to redo.
->redo
  state:1.17, error
  Nothing left to redo.
->redo
  state:1.18, error
  Nothing left to redo.
->play(5,11,8,3)
  state:1.19, error
  Please end the current game before starting a new one.
->undo
  state:1.20, error
  Nothing left to undo.
->undo
  state:1.21, error
  Nothing left to undo.
->undo
  state:1.22, error
  Nothing left to undo.
->play(5,11,8,3)
  state:1.23, error
  Please end the current game before starting a new one.
->undo
  state:1.24, error
  Nothing left to undo.
->redo
  state:1.25, error
  Nothing left to redo.
->redo
  state:1.26, error
  Nothing left to redo.
->play(5,11,8,3)
  state:1.27, error
  Please end the current game before starting a new one.
->undo
  state:1.28, error
  Nothing left to undo.
->play(5,11,8,3)
  state:1.29, error
  Please end the current game before starting a new one.
->undo
  state:1.30, error
  Nothing left to undo.
->play(5,11,8,3)
  state:1.31, error
  Please end the current game before starting a new one.
->redo
  state:1.32, error
  Nothing left to redo.
->undo
  state:1.33, error
  Nothing left to undo.
->play(5,11,8,3)
  state:1.34, error
  Please end the current game before starting a new one.
->undo
  state:1.35, error
  Nothing left to undo.
->play(5,11,8,3)
  state:1.36, error
  Please end the current game before starting a new one.
->undo
  state:1.37, error
  Nothing left to undo.
->play(5,11,8,3)
  state:1.38, error
  Please end the current game before starting a new one.
->undo
  state:1.39, error
  Nothing left to undo.
->play(5,11,8,3)
  state:1.40, error
  Please end the current game before starting a new one.
->undo
  state:1.41, error
  Nothing left to undo.
->play(5,11,8,3)
  state:1.42, error
  Please end the current game before starting a new one.
->undo
  state:1.43, error
  Nothing left to undo.
->play(5,11,8,3)
  state:1.44, error
  Please end the current game before starting a new one.
->undo
  state:1.45, error
  Nothing left to undo.
->play(5,11,8,3)
  state:1.46, error
  Please end the current game before starting a new one.
->undo
  state:1.47, error
  Nothing left to undo.
->play(5,11,8,3)
  state:1.48, error
  Please end the current game before starting a new one.
->redo
  state:1.49, error
  Nothing left to redo.
->redo
  state:1.50, error
  Nothing left to redo.
->redo
  state:1.51, error
  Nothing left to redo.
->play(5,11,8,3)
  state:1.52, error
  Please end the current game before starting a new one.
->play(5,11,8,3)
  state:1.53, error
  Please end the current game before starting a new one.
->play(5,11,8,3)
  state:1.54, error
  Please end the current game before starting a new one.
->play(5,11,8,3)
  state:1.55, error
  Please end the current game before starting a new one.
->play(5,11,8,3)
  state:1.56, error
  Please end the current game before starting a new one.
->play(5,11,8,3)
  state:1.57, error
  Please end the current game before starting a new one.
->undo
  state:1.58, error
  Nothing left to undo.
->undo
  state:1.59, error
  Nothing left to undo.
->undo
  state:1.60, error
  Nothing left to undo.
->undo
  state:1.61, error
  Nothing left to undo.
->undo
  state:1.62, error
  Nothing left to undo.
->undo
  state:1.63, error
  Nothing left to undo.
->redo
  state:1.64, error
  Nothing left to redo.
->redo
  state:1.65, error
  Nothing left to redo.
