  state:not started, normal, ok
  Welcome to Space Defender Version 2.
->toggle_debug_mode
  state:not started, debug, ok
  In debug mode.
->pass
  state:not started, debug, error
  Command can only be used in game.
->abort
  state:not started, debug, error
  Command can only be used in setup mode or in game.
->toggle_debug_mode
  state:not started, normal, ok
  Not in debug mode.
->pass
  state:not started, normal, error
  Command can only be used in game.
->pass
  state:not started, normal, error
  Command can only be used in game.
->toggle_debug_mode
  state:not started, debug, ok
  In debug mode.
->play(10,10,60,60,60,60,60)
  state:weapon setup, debug, ok
  1:Standard (A single projectile is fired in front)
    Health:10, Energy:10, Regen:0/1, Armour:0, Vision:1, Move:1, Move Cost:1,
    Projectile Damage:70, Projectile Cost:5 (energy)
  2:Spread (Three projectiles are fired in front, two going diagonal)
    Health:0, Energy:60, Regen:0/2, Armour:1, Vision:0, Move:0, Move Cost:2,
    Projectile Damage:50, Projectile Cost:10 (energy)
  3:Snipe (Fast and high damage projectile, but only travels via teleporting)
    Health:0, Energy:100, Regen:0/5, Armour:0, Vision:10, Move:3, Move Cost:0,
    Projectile Damage:1000, Projectile Cost:20 (energy)
  4:Rocket (Two projectiles appear behind to the sides of the Starfighter and accelerates)
    Health:10, Energy:0, Regen:10/0, Armour:2, Vision:2, Move:0, Move Cost:3,
    Projectile Damage:100, Projectile Cost:10 (health)
  5:Splitter (A single mine projectile is placed in front of the Starfighter)
    Health:0, Energy:100, Regen:0/10, Armour:0, Vision:0, Move:0, Move Cost:5,
    Projectile Damage:150, Projectile Cost:70 (energy)
  Weapon Selected:Standard
->toggle_debug_mode
  state:weapon setup, normal, ok
  Not in debug mode.
->pass
  state:weapon setup, normal, error
  Command can only be used in game.
->abort
  state:not started, normal, ok
  Exited from setup mode.
->pass
  state:not started, normal, error
  Command can only be used in game.
->toggle_debug_mode
  state:not started, debug, ok
  In debug mode.
->pass
  state:not started, debug, error
  Command can only be used in game.
->setup_select(2)
  state:not started, debug, error
  Command can only be used in setup mode (excluding summary in setup).
->pass
  state:not started, debug, error
  Command can only be used in game.
->pass
  state:not started, debug, error
  Command can only be used in game.
->setup_next(1)
  state:not started, debug, error
  Command can only be used in setup mode.
->setup_next(1)
  state:not started, debug, error
  Command can only be used in setup mode.
->setup_next(1)
  state:not started, debug, error
  Command can only be used in setup mode.
->setup_next(1)
  state:not started, debug, error
  Command can only be used in setup mode.
->pass
  state:not started, debug, error
  Command can only be used in game.
->pass
  state:not started, debug, error
  Command can only be used in game.
->setup_next(1)
  state:not started, debug, error
  Command can only be used in setup mode.
->move(B,2)
  state:not started, debug, error
  Command can only be used in game.
->setup_next(1)
  state:not started, debug, error
  Command can only be used in setup mode.
->play(10,10,60,60,60,60,60)
  state:weapon setup, debug, ok
  1:Standard (A single projectile is fired in front)
    Health:10, Energy:10, Regen:0/1, Armour:0, Vision:1, Move:1, Move Cost:1,
    Projectile Damage:70, Projectile Cost:5 (energy)
  2:Spread (Three projectiles are fired in front, two going diagonal)
    Health:0, Energy:60, Regen:0/2, Armour:1, Vision:0, Move:0, Move Cost:2,
    Projectile Damage:50, Projectile Cost:10 (energy)
  3:Snipe (Fast and high damage projectile, but only travels via teleporting)
    Health:0, Energy:100, Regen:0/5, Armour:0, Vision:10, Move:3, Move Cost:0,
    Projectile Damage:1000, Projectile Cost:20 (energy)
  4:Rocket (Two projectiles appear behind to the sides of the Starfighter and accelerates)
    Health:10, Energy:0, Regen:10/0, Armour:2, Vision:2, Move:0, Move Cost:3,
    Projectile Damage:100, Projectile Cost:10 (health)
  5:Splitter (A single mine projectile is placed in front of the Starfighter)
    Health:0, Energy:100, Regen:0/10, Armour:0, Vision:0, Move:0, Move Cost:5,
    Projectile Damage:150, Projectile Cost:70 (energy)
  Weapon Selected:Standard
->setup_next(1)
  state:armour setup, debug, ok
  1:None
    Health:50, Energy:0, Regen:1/0, Armour:0, Vision:0, Move:1, Move Cost:0
  2:Light
    Health:75, Energy:0, Regen:2/0, Armour:3, Vision:0, Move:0, Move Cost:1
  3:Medium
    Health:100, Energy:0, Regen:3/0, Armour:5, Vision:0, Move:0, Move Cost:3
  4:Heavy
    Health:200, Energy:0, Regen:4/0, Armour:10, Vision:0, Move:-1, Move Cost:5
  Armour Selected:None
->setup_next(1)
  state:engine setup, debug, ok
  1:Standard
    Health:10, Energy:60, Regen:0/2, Armour:1, Vision:12, Move:8, Move Cost:2
  2:Light
    Health:0, Energy:30, Regen:0/1, Armour:0, Vision:15, Move:10, Move Cost:1
  3:Armoured
    Health:50, Energy:100, Regen:0/3, Armour:3, Vision:6, Move:4, Move Cost:5
  Engine Selected:Standard
->setup_next(1)
  state:power setup, debug, ok
  1:Recall (50 energy): Teleport back to spawn.
  2:Repair (50 energy): Gain 50 health, can go over max health. Health regen will not be in effect if over cap.
  3:Overcharge (up to 50 health): Gain 2*health spent energy, can go over max energy. Energy regen will not be in effect if over cap.
  4:Deploy Drones (100 energy): Clear all projectiles.
  5:Orbital Strike (100 energy): Deal 100 damage to all enemies, affected by armour.
  Power Selected:Recall (50 energy): Teleport back to spawn.
->abort
  state:not started, debug, ok
  Exited from setup mode.
->setup_next(1)
  state:not started, debug, error
  Command can only be used in setup mode.
